
> fp@1.0.0 test
> jest

  console.warn
    ΓÜá∩╕Å STRIPE_SECRET_KEY missing. Payment features will be mocked.

    [0m [90m 4 |[39m     stripe [33m=[39m require([32m'stripe'[39m)(stripeKey)[33m;[39m
     [90m 5 |[39m } [36melse[39m {
    [31m[1m>[22m[39m[90m 6 |[39m     console[33m.[39mwarn([32m"ΓÜá∩╕Å STRIPE_SECRET_KEY missing. Payment features will be mocked."[39m)[33m;[39m
     [90m   |[39m             [31m[1m^[22m[39m
     [90m 7 |[39m     stripe [33m=[39m {
     [90m 8 |[39m         customers[33m:[39m {
     [90m 9 |[39m             create[33m:[39m [36masync[39m () [33m=>[39m ({ id[33m:[39m [32m'mock_cust_id'[39m })[33m,[39m[0m

      at Object.warn (controllers/paymentController.js:6:13)
      at Object.require (tests/unit/controllers/paymentController.test.js:1:93)

  console.error
    TypeError: Cannot read properties of undefined (reading 'createdAt')
        at Object.createdAt (C:\Users\hp\Downloads\FP\tests\unit\controllers\adminController.test.js:65:27)
        at C:\Users\hp\Downloads\FP\node_modules\jest-mock\build\index.js:305:39
        at Object.<anonymous> (C:\Users\hp\Downloads\FP\node_modules\jest-mock\build\index.js:312:13)
        at Object.mockConstructor [as countDocuments] (C:\Users\hp\Downloads\FP\node_modules\jest-mock\build\index.js:102:19)
        at countDocuments (C:\Users\hp\Downloads\FP\controllers\adminController.js:37:39)
        at Object.getAdminStats (C:\Users\hp\Downloads\FP\tests\unit\controllers\adminController.test.js:71:19)
        at Promise.finally.completed (C:\Users\hp\Downloads\FP\node_modules\jest-circus\build\jestAdapterInit.js:1557:28)
        at new Promise (<anonymous>)
        at callAsyncCircusFn (C:\Users\hp\Downloads\FP\node_modules\jest-circus\build\jestAdapterInit.js:1497:10)
        at _callCircusTest (C:\Users\hp\Downloads\FP\node_modules\jest-circus\build\jestAdapterInit.js:1007:40)
        at processTicksAndRejections (node:internal/process/task_queues:105:5)
        at _runTest (C:\Users\hp\Downloads\FP\node_modules\jest-circus\build\jestAdapterInit.js:947:3)
        at C:\Users\hp\Downloads\FP\node_modules\jest-circus\build\jestAdapterInit.js:849:7
        at _runTestsForDescribeBlock (C:\Users\hp\Downloads\FP\node_modules\jest-circus\build\jestAdapterInit.js:862:11)
        at _runTestsForDescribeBlock (C:\Users\hp\Downloads\FP\node_modules\jest-circus\build\jestAdapterInit.js:857:11)
        at _runTestsForDescribeBlock (C:\Users\hp\Downloads\FP\node_modules\jest-circus\build\jestAdapterInit.js:857:11)
        at run (C:\Users\hp\Downloads\FP\node_modules\jest-circus\build\jestAdapterInit.js:761:3)
        at runAndTransformResultsToJestFormat (C:\Users\hp\Downloads\FP\node_modules\jest-circus\build\jestAdapterInit.js:1918:21)
        at jestAdapter (C:\Users\hp\Downloads\FP\node_modules\jest-circus\build\runner.js:101:19)
        at runTestInternal (C:\Users\hp\Downloads\FP\node_modules\jest-runner\build\testWorker.js:275:16)
        at runTest (C:\Users\hp\Downloads\FP\node_modules\jest-runner\build\testWorker.js:343:7)
        at Object.worker (C:\Users\hp\Downloads\FP\node_modules\jest-runner\build\testWorker.js:497:12)

    [0m [90m 58 |[39m         })[33m;[39m
     [90m 59 |[39m     } [36mcatch[39m (error) {
    [31m[1m>[22m[39m[90m 60 |[39m         console[33m.[39merror(error)[33m;[39m
     [90m    |[39m                 [31m[1m^[22m[39m
     [90m 61 |[39m         res[33m.[39mstatus([35m500[39m)[33m.[39mjson({ message[33m:[39m [32m'Server Error'[39m })[33m;[39m
     [90m 62 |[39m     }
     [90m 63 |[39m }[33m;[39m[0m

      at error (controllers/adminController.js:60:17)
      at Object.getAdminStats (tests/unit/controllers/adminController.test.js:71:19)

node.exe : FAIL 
tests/unit/controllers/adminController.test.js
At line:1 char:1
+ & "C:\Program Files\nodejs/node.exe" "C:\Program 
Files\nodejs/node_mo ...
+ ~~~~~~~~~~~~~~~~~~~~~~~~~~~~~~~~~~~~~~~~~~~~~~~~~~~~~~
~~~~~~~~~~~~~~~
    + CategoryInfo          : NotSpecified: (FAIL tests 
   /unit...troller.test.js:String) [], RemoteException
    + FullyQualifiedErrorId : NativeCommandError
 
  Admin Controller
    getUsers
      ΓêÜ should return paginated users (29 ms)
    getAdminStats
      ├ù should return correct stats (325 ms)
    updateUser
      ΓêÜ should update user fields (10 ms)
      ΓêÜ should return 404 if user not found (12 ms)
    deleteUser
      ΓêÜ should delete user (3 ms)

  ΓùÅ Admin Controller ΓÇ║ getAdminStats ΓÇ║ should 
return correct stats

    expect(jest.fn()).toHaveBeenCalledWith(...expected)

    - Expected
    + Received

      Object {
    -   "newUsersThisMonth": 10,
    -   "totalGoals": 200,
    -   "totalUsers": 100,
    -   "totalWorkouts": 500,
    -   "workoutsThisWeek": 500,
    +   "message": "Server Error",
      },

    Number of calls: 1

    [0m [90m 71 |[39m             [36mawait[39m 
getAdminStats(req[33m,[39m res)[33m;[39m
     [90m 72 |[39m
    [31m[1m>[22m[39m[90m 73 |[39m             expe
ct(res[33m.[39mjson)[33m.[39mtoHaveBeenCalledWith({
     [90m    |[39m                              
[31m[1m^[22m[39m
     [90m 74 |[39m                 
totalUsers[33m:[39m [35m100[39m[33m,[39m
     [90m 75 |[39m                 
totalWorkouts[33m:[39m [35m500[39m[33m,[39m
     [90m 76 |[39m                 
totalGoals[33m:[39m [35m200[39m[33m,[39m[0m

      at Object.toHaveBeenCalledWith 
(tests/unit/controllers/adminController.test.js:73:30)

PASS tests/unit/auth.test.js
  Auth Utilities
    ΓêÜ should hash and verify password correctly (1002 
ms)

  console.log
    [dotenv@17.2.3] injecting env (3) from .env -- tip: Γ£à audit secrets and track compliance: https://dotenvx.com/ops

      at _log (node_modules/dotenv/lib/main.js:142:11)

  console.error
    Webhook signature verification failed: Webhook signature verification failed (Mock)

    [0m [90m 91 |[39m         )[33m;[39m
     [90m 92 |[39m     } [36mcatch[39m (err) {
    [31m[1m>[22m[39m[90m 93 |[39m         console[33m.[39merror([32m'Webhook signature verification failed:'[39m[33m,[39m err[33m.[39mmessage)[33m;[39m
     [90m    |[39m                 [31m[1m^[22m[39m
     [90m 94 |[39m         [36mreturn[39m res[33m.[39mstatus([35m400[39m)[33m.[39msend([32m`Webhook Error: ${err.message}`[39m)[33m;[39m
     [90m 95 |[39m     }
     [90m 96 |[39m[0m

      at error (controllers/paymentController.js:93:17)
      at Object.handleWebhook (tests/unit/controllers/paymentController.test.js:98:19)

FAIL tests/unit/controllers/paymentController.test.js
  Payment Controller
    createCheckoutSession
      ├ù should create a checkout session for valid 
tier (21 ms)
      ΓêÜ should return 400 for invalid tier (10 ms)
    handleWebhook
      ├ù should handle checkout.session.completed (69 
ms)
    getSubscriptionStatus
      ├ù should return subscription details (14 ms)
    cancelSubscription
      ├ù should cancel subscription (2 ms)

  ΓùÅ Payment Controller ΓÇ║ createCheckoutSession ΓÇ║ 
should create a checkout session for valid tier

    expect(jest.fn()).toHaveBeenCalled()

    Expected number of calls: >= 1
    Received number of calls:    0

    [0m [90m 70 |[39m             [36mawait[39m 
createCheckoutSession(req[33m,[39m res)[33m;[39m
     [90m 71 |[39m
    [31m[1m>[22m[39m[90m 72 |[39m             expe
ct(mockStripe[33m.[39mcheckout[33m.[39msessions[33m
.[39mcreate)[33m.[39mtoHaveBeenCalled()[33m;[39m
     [90m    |[39m                                    
                     [31m[1m^[22m[39m
     [90m 73 |[39m             expect(res[33m.[39mjs
on)[33m.[39mtoHaveBeenCalledWith({ 
sessionId[33m:[39m [32m'sess_123'[39m[33m,[39m 
url[33m:[39m [32m'http://test.url'[39m })[33m;[39m
     [90m 74 |[39m         })[33m;[39m
     [90m 75 |[39m[0m

      at Object.toHaveBeenCalled 
(tests/unit/controllers/paymentController.test.js:72:57)

  ΓùÅ Payment Controller ΓÇ║ handleWebhook ΓÇ║ should 
handle checkout.session.completed

    expect(jest.fn()).toHaveBeenCalledWith(...expected)

    Expected: "user123", ObjectContaining 
{"subscriptionTier": "pro"}

    Number of calls: 0

    [0m [90m  98 |[39m             [36mawait[39m 
handleWebhook(req[33m,[39m res)[33m;[39m
     [90m  99 |[39m
    [31m[1m>[22m[39m[90m 100 |[39m             exp
ect([33mUser[39m[33m.[39mfindByIdAndUpdate)[33m.[3
9mtoHaveBeenCalledWith([32m'user123'[39m[33m,[39m 
expect[33m.[39mobjectContaining({
     [90m     |[39m                                   
         [31m[1m^[22m[39m
     [90m 101 |[39m                 
subscriptionTier[33m:[39m [32m'pro'[39m
     [90m 102 |[39m             }))[33m;[39m
     [90m 103 |[39m             expect(res[33m.[39mj
son)[33m.[39mtoHaveBeenCalledWith({ 
received[33m:[39m [36mtrue[39m })[33m;[39m[0m

      at Object.toHaveBeenCalledWith (tests/unit/control
lers/paymentController.test.js:100:44)

  ΓùÅ Payment Controller ΓÇ║ getSubscriptionStatus ΓÇ║ 
should return subscription details

    expect(jest.fn()).toHaveBeenCalledWith(...expected)

    Expected: ObjectContaining {"details": 
ObjectContaining {"status": "active"}, "tier": "pro"}
    Received: {"details": null, "expiry": 
2026-01-13T22:07:32.296Z, "tier": "pro"}

    Number of calls: 1

    [0m [90m 121 |[39m             [36mawait[39m 
getSubscriptionStatus(req[33m,[39m res)[33m;[39m
     [90m 122 |[39m
    [31m[1m>[22m[39m[90m 123 |[39m             exp
ect(res[33m.[39mjson)[33m.[39mtoHaveBeenCalledWith(e
xpect[33m.[39mobjectContaining({
     [90m     |[39m                              
[31m[1m^[22m[39m
     [90m 124 |[39m                 tier[33m:[39m 
[32m'pro'[39m[33m,[39m
     [90m 125 |[39m                 
details[33m:[39m expect[33m.[39mobjectContaining({ 
status[33m:[39m [32m'active'[39m })
     [90m 126 |[39m             }))[33m;[39m[0m

      at Object.toHaveBeenCalledWith (tests/unit/control
lers/paymentController.test.js:123:30)

  ΓùÅ Payment Controller ΓÇ║ cancelSubscription ΓÇ║ 
should cancel subscription

    expect(jest.fn()).toHaveBeenCalledWith(...expected)

    Expected: "sub_123", {"cancel_at_period_end": true}

    Number of calls: 0

    [0m [90m 137 |[39m             [36mawait[39m 
cancelSubscription(req[33m,[39m res)[33m;[39m
     [90m 138 |[39m
    [31m[1m>[22m[39m[90m 139 |[39m             exp
ect(mockStripe[33m.[39msubscriptions[33m.[39mupdate)
[33m.[39mtoHaveBeenCalledWith([32m'sub_123'[39m[33m
,[39m { cancel_at_period_end[33m:[39m [36mtrue[39m 
})[33m;[39m
     [90m     |[39m                                   
                  [31m[1m^[22m[39m
     [90m 140 |[39m             expect(res[33m.[39mj
son)[33m.[39mtoHaveBeenCalled()[33m;[39m
     [90m 141 |[39m         })[33m;[39m
     [90m 142 |[39m     })[33m;[39m[0m

      at Object.toHaveBeenCalledWith (tests/unit/control
lers/paymentController.test.js:139:53)

  console.error
    Tenant Middleware Error: Error: Host Error
        at Object.<anonymous> (C:\Users\hp\Downloads\FP\tests\unit\middleware\tenantMiddleware.test.js:65:50)
        at C:\Users\hp\Downloads\FP\node_modules\jest-mock\build\index.js:305:39
        at Object.<anonymous> (C:\Users\hp\Downloads\FP\node_modules\jest-mock\build\index.js:312:13)
        at Object.mockConstructor [as get] (C:\Users\hp\Downloads\FP\node_modules\jest-mock\build\index.js:102:19)
        at get (C:\Users\hp\Downloads\FP\middleware\tenantMiddleware.js:19:26)
        at Object.tenantMiddleware (C:\Users\hp\Downloads\FP\tests\unit\middleware\tenantMiddleware.test.js:67:15)
        at Promise.finally.completed (C:\Users\hp\Downloads\FP\node_modules\jest-circus\build\jestAdapterInit.js:1557:28)
        at new Promise (<anonymous>)
        at callAsyncCircusFn (C:\Users\hp\Downloads\FP\node_modules\jest-circus\build\jestAdapterInit.js:1497:10)
        at _callCircusTest (C:\Users\hp\Downloads\FP\node_modules\jest-circus\build\jestAdapterInit.js:1007:40)
        at processTicksAndRejections (node:internal/process/task_queues:105:5)
        at _runTest (C:\Users\hp\Downloads\FP\node_modules\jest-circus\build\jestAdapterInit.js:947:3)
        at C:\Users\hp\Downloads\FP\node_modules\jest-circus\build\jestAdapterInit.js:849:7
        at _runTestsForDescribeBlock (C:\Users\hp\Downloads\FP\node_modules\jest-circus\build\jestAdapterInit.js:862:11)
        at _runTestsForDescribeBlock (C:\Users\hp\Downloads\FP\node_modules\jest-circus\build\jestAdapterInit.js:857:11)
        at run (C:\Users\hp\Downloads\FP\node_modules\jest-circus\build\jestAdapterInit.js:761:3)
        at runAndTransformResultsToJestFormat (C:\Users\hp\Downloads\FP\node_modules\jest-circus\build\jestAdapterInit.js:1918:21)
        at jestAdapter (C:\Users\hp\Downloads\FP\node_modules\jest-circus\build\runner.js:101:19)
        at runTestInternal (C:\Users\hp\Downloads\FP\node_modules\jest-runner\build\testWorker.js:275:16)
        at runTest (C:\Users\hp\Downloads\FP\node_modules\jest-runner\build\testWorker.js:343:7)
        at Object.worker (C:\Users\hp\Downloads\FP\node_modules\jest-runner\build\testWorker.js:497:12)

    [0m [90m 33 |[39m         next()[33m;[39m
     [90m 34 |[39m     } [36mcatch[39m (error) {
    [31m[1m>[22m[39m[90m 35 |[39m         console[33m.[39merror([32m'Tenant Middleware Error:'[39m[33m,[39m error)[33m;[39m
     [90m    |[39m                 [31m[1m^[22m[39m
     [90m 36 |[39m         [90m// Continue without tenant (default platform) or fail safe?[39m
     [90m 37 |[39m         [90m// Usually safe to continue as "default platform" if error isn't critical[39m
     [90m 38 |[39m         next()[33m;[39m[0m

      at error (middleware/tenantMiddleware.js:35:17)
      at Object.tenantMiddleware (tests/unit/middleware/tenantMiddleware.test.js:67:15)

PASS tests/unit/middleware/tenantMiddleware.test.js
  Tenant Middleware
    ΓêÜ should resolve tenant from x-tenant-id header 
(25 ms)
    ΓêÜ should return 404 if tenant id in header is not 
found (4 ms)
    ΓêÜ should resolve tenant from subdomain (7 ms)
    ΓêÜ should ignore standard domains (fitnesspro, 
app, localhost) (7 ms)
    ΓêÜ should handle errors gracefully and call next 
(252 ms)

PASS tests/unit/controllers/authController.test.js 
(5.09 s)
  Auth Controller
    registerUser
      ΓêÜ should register a new user and send 
verification email (25 ms)
    loginUser
      ΓêÜ should login valid user (2 ms)

  console.error
    AI Gen Error: TypeError: equipment.toLowerCase is not a function
        at toLowerCase (C:\Users\hp\Downloads\FP\controllers\aiController.js:31:63)
        at Array.filter (<anonymous>)
        at filter (C:\Users\hp\Downloads\FP\controllers\aiController.js:30:47)
        at processTicksAndRejections (node:internal/process/task_queues:105:5)
        at Object.<anonymous> (C:\Users\hp\Downloads\FP\tests\unit\controllers\aiController.test.js:32:13)

    [0m [90m 94 |[39m
     [90m 95 |[39m     } [36mcatch[39m (error) {
    [31m[1m>[22m[39m[90m 96 |[39m         console[33m.[39merror([32m'AI Gen Error:'[39m[33m,[39m error)[33m;[39m
     [90m    |[39m                 [31m[1m^[22m[39m
     [90m 97 |[39m         res[33m.[39mstatus([35m500[39m)[33m.[39mjson({ message[33m:[39m [32m'Server Error'[39m })[33m;[39m
     [90m 98 |[39m     }
     [90m 99 |[39m }[33m;[39m[0m

      at error (controllers/aiController.js:96:17)
      at Object.<anonymous> (tests/unit/controllers/aiController.test.js:32:13)

  console.error
    AI Gen Error: Error: DB Error
        at Object.<anonymous> (C:\Users\hp\Downloads\FP\tests\unit\controllers\aiController.test.js:56:45)
        at Promise.finally.completed (C:\Users\hp\Downloads\FP\node_modules\jest-circus\build\jestAdapterInit.js:1557:28)
        at new Promise (<anonymous>)
        at callAsyncCircusFn (C:\Users\hp\Downloads\FP\node_modules\jest-circus\build\jestAdapterInit.js:1497:10)
        at _callCircusTest (C:\Users\hp\Downloads\FP\node_modules\jest-circus\build\jestAdapterInit.js:1007:40)
        at processTicksAndRejections (node:internal/process/task_queues:105:5)
        at _runTest (C:\Users\hp\Downloads\FP\node_modules\jest-circus\build\jestAdapterInit.js:947:3)
        at C:\Users\hp\Downloads\FP\node_modules\jest-circus\build\jestAdapterInit.js:849:7
        at _runTestsForDescribeBlock (C:\Users\hp\Downloads\FP\node_modules\jest-circus\build\jestAdapterInit.js:862:11)
        at _runTestsForDescribeBlock (C:\Users\hp\Downloads\FP\node_modules\jest-circus\build\jestAdapterInit.js:857:11)
        at _runTestsForDescribeBlock (C:\Users\hp\Downloads\FP\node_modules\jest-circus\build\jestAdapterInit.js:857:11)
        at run (C:\Users\hp\Downloads\FP\node_modules\jest-circus\build\jestAdapterInit.js:761:3)
        at runAndTransformResultsToJestFormat (C:\Users\hp\Downloads\FP\node_modules\jest-circus\build\jestAdapterInit.js:1918:21)
        at jestAdapter (C:\Users\hp\Downloads\FP\node_modules\jest-circus\build\runner.js:101:19)
        at runTestInternal (C:\Users\hp\Downloads\FP\node_modules\jest-runner\build\testWorker.js:275:16)
        at runTest (C:\Users\hp\Downloads\FP\node_modules\jest-runner\build\testWorker.js:343:7)
        at Object.worker (C:\Users\hp\Downloads\FP\node_modules\jest-runner\build\testWorker.js:497:12)

    [0m [90m 94 |[39m
     [90m 95 |[39m     } [36mcatch[39m (error) {
    [31m[1m>[22m[39m[90m 96 |[39m         console[33m.[39merror([32m'AI Gen Error:'[39m[33m,[39m error)[33m;[39m
     [90m    |[39m                 [31m[1m^[22m[39m
     [90m 97 |[39m         res[33m.[39mstatus([35m500[39m)[33m.[39mjson({ message[33m:[39m [32m'Server Error'[39m })[33m;[39m
     [90m 98 |[39m     }
     [90m 99 |[39m }[33m;[39m[0m

      at error (controllers/aiController.js:96:17)
      at Object.<anonymous> (tests/unit/controllers/aiController.test.js:58:13)

PASS tests/integration/models.test.js (5.555 s)
  Database Models Integration
    ΓêÜ should perform full user flow (536 ms)

FAIL tests/unit/controllers/aiController.test.js (5.622 
s)
  AI Controller
    generateWorkout
      ├ù should generate a workout based on user goals 
and exercises (278 ms)
      ΓêÜ should return empty exercises if none found 
(2 ms)
      ΓêÜ should handle server errors (24 ms)

  ΓùÅ AI Controller ΓÇ║ generateWorkout ΓÇ║ should 
generate a workout based on user goals and exercises

    expect(jest.fn()).toHaveBeenCalledWith(...expected)

    Expected: ObjectContaining {"exercises": 
Any<Array>, "name": StringContaining "Strength"}
    Received: {"message": "Server Error"}

    Number of calls: 1

    [0m [90m 33 |[39m
     [90m 34 |[39m             expect([33mExercise[3
9m[33m.[39mfind)[33m.[39mtoHaveBeenCalled()[33m;[3
9m
    [31m[1m>[22m[39m[90m 35 |[39m             expe
ct(res[33m.[39mjson)[33m.[39mtoHaveBeenCalledWith(ex
pect[33m.[39mobjectContaining({
     [90m    |[39m                              
[31m[1m^[22m[39m
     [90m 36 |[39m                 name[33m:[39m exp
ect[33m.[39mstringContaining([32m'Strength'[39m)[33
m,[39m
     [90m 37 |[39m                 
exercises[33m:[39m 
expect[33m.[39many([33mArray[39m)
     [90m 38 |[39m             }))[33m;[39m[0m

      at Object.toHaveBeenCalledWith 
(tests/unit/controllers/aiController.test.js:35:30)

Test Suites: 3 failed, 4 passed, 7 total
Tests:       6 failed, 16 passed, 22 total
Snapshots:   0 total
Time:        7.258 s
Ran all test suites.
